CREATE DATABASE test;
CREATE TABLE Hello;
CREATE TABLE HelloMyTable;
CREATE TABLE master;
INSERT INTO TABLE Hello;
SELECT FROM TABLE Hello WHERE column="$1";
SELECT FROM TABLE Hello WHERE column="$1" and TRUE;
#list inst1
#list inst2