CREATE DATABASE test;
CREATE TABLE Hello;
CREATE TABLE HelloMyTable;
INSERT INTO TABLE Hello;
SELECT FROM TABLE Hello WHERE "column=$1";