<?xml version="1.0" encoding="UTF-8" standalone="no"?>
<MyRoot>
    <Hello attrib="value"/>
</MyRoot>
