<mapping>
  <pipeline name="DynamicGraphPip" class="eu.qualimaster.DynamicGraphPip.topology.Topology">
      <node name="FinancialDataSource" type="source">
          <component name="PipelineVar_8_Source0" container="DynamicGraphPip" class="eu.qualimaster.DynamicGraphPip.topology.PipelineVar_8_Source0Source" receiver="true" thrift="false" tasks="1"/>
      </node>
      <node name="preprocessor" type="family">
          <component name="PipelineVar_8_FamilyElement0" container="DynamicGraphPip" class="eu.qualimaster.DynamicGraphPip.topology.PipelineVar_8_FamilyElement0FamilyElement" receiver="true" thrift="false" tasks="1" alternative0 = "Preprocessor"/>
      </node>
      <node name="CorrelationComputation" type="family">
          <component name="PipelineVar_8_FamilyElement1" container="DynamicGraphPip" class="eu.qualimaster.DynamicGraphPip.topology.PipelineVar_8_FamilyElement1FamilyElement" receiver="true" thrift="false" tasks="1" alternative0 = "TopoSoftwareCorrelationFinancial" alternative1 = "GenTopoHardwareCorrelationFinancial" alternative2 = "CorrelationSW" alternative3 = "TransferEntropyHardware" alternative4 = "MutualInformationHardware" alternative5 = "CorrelationSWAlternative"/>
      </node>
      <node name="DynamicGraphCompilation" type="family">
          <component name="PipelineVar_8_FamilyElement2" container="DynamicGraphPip" class="eu.qualimaster.DynamicGraphPip.topology.PipelineVar_8_FamilyElement2FamilyElement" receiver="true" thrift="false" tasks="1" alternative0 = "DynamicGraphCompilation"/>
      </node>
      <node name="DynamicHubComputation" type="family">
          <component name="PipelineVar_8_FamilyElement3" container="DynamicGraphPip" class="eu.qualimaster.DynamicGraphPip.topology.PipelineVar_8_FamilyElement3FamilyElement" receiver="true" thrift="false" tasks="1" alternative0 = "TopoDynamicHubComputation"/>
      </node>
      <node name="DynamicGraphSink" type="sink">
          <component name="PipelineVar_8_Sink0" container="DynamicGraphPip" class="eu.qualimaster.DynamicGraphPip.topology.PipelineVar_8_Sink0Sink" receiver="true" thrift="false" tasks="1"/>
      </node>
      <algorithm name="Preprocessor" implName="Preprocessor" class="eu.qualimaster.algorithms.imp.correlation.Preprocessor"/>
      <algorithm name="TopoSoftwareCorrelationFinancial" implName="TopoSoftwareCorrelationFinancial" class="eu.qualimaster.algorithms.imp.correlation.softwaresubtopology.TopoSoftwareCorrelationFinancial"/>
      <algorithm name="GenTopoHardwareCorrelationFinancial" implName="GenTopoHardwareCorrelationFinancialSubTopology" class="eu.qualimaster.algorithms.GenTopoHardwareCorrelationFinancial.GenTopoHardwareCorrelationFinancialSubTopology">
          <component name="GenTopoHardwareCorrelationFinancialHardwareConnectionBolt" container="GenTopoHardwareCorrelationFinancial" class="eu.qualimaster.algorithms.GenTopoHardwareCorrelationFinancial.HardwareConnectionBolt" receiver="true" thrift="false" tasks="1" type="HARDWARE"/>
          <component name="GenTopoHardwareCorrelationFinancialHardwareConnectionSpout" container="GenTopoHardwareCorrelationFinancial" class="eu.qualimaster.algorithms.GenTopoHardwareCorrelationFinancial.HardwareConnectionSpout" receiver="true" thrift="false" tasks="12" type="HARDWARE"/>
      </algorithm>
      <algorithm name="CorrelationSW" implName="CorrelationSWSubTopology" class="eu.qualimaster.CorrelationSW.topology.CorrelationSWSubTopology">
              <component name="CorrelationSWMapper" container="DynamicGraphPip" class="eu.qualimaster.CorrelationSW.topology.SubTopology_FamilyElement0FamilyElement" receiver="true" thrift="false" tasks="1" alternative0 = "Mapper"/>
              <component name="CorrelationSWHayashiYoshida" container="DynamicGraphPip" class="eu.qualimaster.CorrelationSW.topology.SubTopology_FamilyElement1FamilyElement" receiver="true" thrift="false" tasks="14" alternative0 = "HayashiYoshida"/>
      </algorithm>
      <algorithm name="TransferEntropyHardware" implName="TransferEntropyHardwareSubTopology" class="eu.qualimaster.algorithms.TransferEntropyHardware.TransferEntropyHardwareSubTopology">
          <component name="TransferEntropyHardwareHardwareConnectionBolt" container="TransferEntropyHardware" class="eu.qualimaster.algorithms.TransferEntropyHardware.HardwareConnectionBolt" receiver="true" thrift="false" tasks="1" type="HARDWARE"/>
          <component name="TransferEntropyHardwareHardwareConnectionSpout" container="TransferEntropyHardware" class="eu.qualimaster.algorithms.TransferEntropyHardware.HardwareConnectionSpout" receiver="true" thrift="false" tasks="1" type="HARDWARE"/>
      </algorithm>
      <algorithm name="MutualInformationHardware" implName="MutualInformationHardwareSubTopology" class="eu.qualimaster.algorithms.MutualInformationHardware.MutualInformationHardwareSubTopology">
          <component name="MutualInformationHardwareHardwareConnectionBolt" container="MutualInformationHardware" class="eu.qualimaster.algorithms.MutualInformationHardware.HardwareConnectionBolt" receiver="true" thrift="false" tasks="1" type="HARDWARE"/>
          <component name="MutualInformationHardwareHardwareConnectionSpout" container="MutualInformationHardware" class="eu.qualimaster.algorithms.MutualInformationHardware.HardwareConnectionSpout" receiver="true" thrift="false" tasks="1" type="HARDWARE"/>
      </algorithm>
      <algorithm name="CorrelationSWAlternative" implName="CorrelationSWAlternativeSubTopology" class="eu.qualimaster.CorrelationSWAlternative.topology.CorrelationSWAlternativeSubTopology">
              <component name="CorrelationSWAlternativeMP" container="DynamicGraphPip" class="eu.qualimaster.CorrelationSWAlternative.topology.SubPipelineVar_19_FamilyElement0FamilyElement" receiver="true" thrift="false" tasks="1" alternative0 = "Mapper"/>
              <component name="CorrelationSWAlternativeHY" container="DynamicGraphPip" class="eu.qualimaster.CorrelationSWAlternative.topology.SubPipelineVar_19_FamilyElement1FamilyElement" receiver="true" thrift="false" tasks="14" alternative0 = "HayashiYoshida"/>
      </algorithm>
      <algorithm name="DynamicGraphCompilation" implName="DynamicGraphCompilation" class="eu.qualimaster.dynamicgraph.DynamicGraphCompilation"/>
      <algorithm name="TopoDynamicHubComputation" implName="TopoDynamicHubComputation" class="eu.qualimaster.dynamicgraph.TopoDynamicHubComputation"/>
      <algorithm name="Spring Financial Data" implName="SpringClient" class="eu.qualimaster.algorithms.imp.correlation.SpringClient"/>
      <algorithm name="DynamicGraphSink" implName="DynamicGraphSinkAlgorithm" class="eu.qualimaster.dynamicgraph.DynamicGraphSinkAlgorithm"/>
      <parameter parameter="windowSize" name="CorrelationComputation" receiver="PipelineVar_8_FamilyElement1"/> 
      <parameter parameter="correlationThreshold" name="DynamicGraphCompilation" receiver="PipelineVar_8_FamilyElement2"/> 
      <parameter parameter="windowSize" name="DynamicHubComputation" receiver="PipelineVar_8_FamilyElement3"/> 
      <parameter parameter="hubListSize" name="DynamicHubComputation" receiver="PipelineVar_8_FamilyElement3"/> 
      <parameter parameter="windowSize" name="Mapper" receiver="CorrelationSWMapper"/> 
      <parameter parameter="windowSize" name="MP" receiver="CorrelationSWAlternativeMP"/> 
  </pipeline>

</mapping>
