CREATE DATABASE test;
CREATE TABLE $test::pString;
CREATE TABLE ${test::pString + "myTable"}