    /*
     *      */
     
     private void notGreaterOne() {
         System.out.print("Hello");
     }
     
     /*
     *      */