<project xmlns="http://maven.apache.org/POM/4.0.0" xmlns:xsi="http://www.w3.org/2001/XMLSchema-instance" xsi:schemaLocation="http://maven.apache.org/POM/4.0.0 http://maven.apache.org/xsd/maven-4.0.0.xsd">
  <modelVersion>4.0.0</modelVersion>
  <groupId>eu.qualimaster</groupId>
  <artifactId>QM2.level</artifactId>
  <version>0.0.1-SNAPSHOT</version>
  <packaging>jar</packaging>

  <build>
    <sourceDirectory>${basedir}/src-gen</sourceDirectory>
    <plugins>
            <plugin>
                <groupId>org.apache.maven.plugins</groupId>
                <artifactId>maven-assembly-plugin</artifactId>
                <version>2.4</version>
                <configuration>
                    <descriptorRefs>
                        <descriptorRef>jar-with-dependencies</descriptorRef>
                    </descriptorRefs>
                    <archive>
                        <manifest>
                        </manifest>
                    </archive>
                </configuration>
                <executions>
                    <execution>
                        <id>make-assembly</id>
                        <phase>package</phase>
                        <goals>
                            <goal>single</goal>
                        </goals>
                    </execution>
                </executions>
            </plugin>
            <plugin>
                <groupId>org.apache.maven.plugins</groupId>
                <artifactId>maven-compiler-plugin</artifactId>
                <version>3.0</version>
                <configuration>
                    <source>1.7</source>
                    <target>1.7</target>
                </configuration>              
            </plugin>
            <plugin>
                <groupId>org.apache.maven.plugins</groupId>
                <artifactId>maven-jar-plugin</artifactId>
                <version>2.4</version>
                <configuration>
                    <useDefaultManifestFile>true</useDefaultManifestFile>
                </configuration>
            </plugin>
            <plugin>
                <groupId>org.apache.maven.plugins</groupId>
                <artifactId>maven-source-plugin</artifactId>
                <version>2.2.1</version>
                <executions>
                    <execution>
                        <id>attach-sources</id>
                        <phase>verify</phase>
                        <goals>
                            <goal>jar</goal>
                        </goals>
                    </execution>
                </executions>
            </plugin>
        <plugin>
        <groupId>org.codehaus.mojo</groupId>
        <artifactId>exec-maven-plugin</artifactId>
        <version>1.3</version>
        <executions>
          <execution>
            <goals>
              <goal>exec</goal>
            </goals>
          </execution>
        </executions>
        <configuration>
          <executable>java</executable>
          <includeProjectDependencies>true</includeProjectDependencies>
          <includePluginDependencies>false</includePluginDependencies>
          <classpathScope>compile</classpathScope>
          <mainClass>${storm.topology}</mainClass>
        </configuration>
      </plugin>
    </plugins>
    <resources>
        <resource>
            <directory>${basedir}/</directory>
            <filtering>false</filtering>
            <includes>
            <include>mapping.xml</include>
            </includes>
        </resource>
    </resources>
  </build>

  <repositories>
    <repository>
      <id>clojars.org</id>
      <url>http://clojars.org/repo</url>
    </repository>
    <repository>
      <id>qm.eu</id>
      <name>qm.eu</name>
      <url>https://projects.sse.uni-hildesheim.de/qm/maven/</url>
    </repository>
  </repositories>

  <dependencies>
    <dependency>      
      <groupId>org.apache.storm</groupId>
      <artifactId>storm-core</artifactId>
      <version>0.9.3</version>
	  <scope>provided</scope>
    </dependency>
    <dependency>
     <groupId>eu.qualimaster</groupId>
     <artifactId>TwitterSentimentAnalysisStream</artifactId>
     <version>0.1.4</version>
   </dependency>
   <dependency>
     <groupId>eu.qualimaster</groupId>
     <artifactId>StormCommons</artifactId>
     <version>0.0.4</version>
   </dependency>
   <dependency>
     <groupId>eu.qualimaster</groupId>
     <artifactId>PriorityPipelineInterfaces</artifactId>
     <version>0.0.4</version>
   </dependency>
   <dependency>
     <groupId>eu.qualimaster</groupId>
     <artifactId>DataManagementLayer</artifactId>
     <version>0.0.4</version>  
   </dependency>
   <dependency>
     <groupId>eu.qualimaster</groupId>
     <artifactId>QualiMaster.Events</artifactId>
     <version>0.0.4</version>
   </dependency>
   <dependency>
      <groupId>eu.qualimaster</groupId>
      <artifactId>spring-client-simulator</artifactId>
      <version>0.0.1-SNAPSHOT</version>
    </dependency>
    <dependency>
      <groupId>eu.qualimaster</groupId>
      <artifactId>Preprocessor</artifactId>
      <version>0.0.1-SNAPSHOT</version>
    </dependency>
    <dependency>
      <groupId>eu.qualimaster</groupId>
      <artifactId>topo-software-correlation-financial</artifactId>
      <version>0.0.1-SNAPSHOT</version>
    </dependency>
    <dependency>
      <groupId>eu.qualimaster</groupId>
      <artifactId>topo-hardware-correlation-financial</artifactId>
      <version>0.0.1-SNAPSHOT</version>
    </dependency>
    <dependency>
      <groupId>eu.qualimaster</groupId>
      <artifactId>priority-data-sink</artifactId>
      <version>0.0.1-SNAPSHOT</version>
    </dependency>
    <dependency>
      <groupId>eu.qualimaster</groupId>
      <artifactId>TwitterStreamDataSource</artifactId>
      <version>0.0.4</version>
    </dependency>
    <dependency>
      <groupId>eu.qualimaster</groupId>
      <artifactId>SentiWordnetSubTopology</artifactId>
      <version>0.0.4</version>
    </dependency>
    <dependency>
      <groupId>eu.qualimaster</groupId>
      <artifactId>SVMSubTopology</artifactId>
      <version>0.0.4</version>
    </dependency>
    <dependency>
      <groupId>eu.qualimaster</groupId>
      <artifactId>topo-software-correlation-twitter</artifactId>
      <version>0.0.1-SNAPSHOT</version>
    </dependency>
    <dependency>
      <groupId>eu.qualimaster</groupId>
      <artifactId>topo-hardware-correlation-twitter</artifactId>
      <version>0.0.1-SNAPSHOT</version>
    </dependency>
  </dependencies>
</project>
