<project xmlns="http://maven.apache.org/POM/4.0.0" xmlns:xsi="http://www.w3.org/2001/XMLSchema-instance" xsi:schemaLocation="http://maven.apache.org/POM/4.0.0 http://maven.apache.org/xsd/maven-4.0.0.xsd">
  <modelVersion>4.0.0</modelVersion>
  <groupId>eu.qualimaster</groupId>
  <artifactId>PriorityPipelineInterfaces</artifactId>
  <version>0.2.0-SNAPSHOT</version>
  <packaging>jar</packaging>

  <build>
    <sourceDirectory>${basedir}/</sourceDirectory>
    <plugins>
            <plugin>
                <groupId>org.apache.maven.plugins</groupId>
                <artifactId>maven-compiler-plugin</artifactId>
                <version>3.0</version>
                <configuration>
                    <source>1.7</source>
                    <target>1.7</target>
                </configuration>              
            </plugin>
            <plugin>
				<artifactId>maven-install-plugin</artifactId>
				<version>2.3.1</version>
				<configuration>
					<createChecksum>true</createChecksum>
				</configuration>
			</plugin>
            <plugin>
				<groupId>org.apache.maven.plugins</groupId>
				<artifactId>maven-source-plugin</artifactId>
				<version>2.2.1</version>
				<executions>
					<execution>
						<id>attach-sources</id>
						<phase>verify</phase>
						<goals>
							<goal>jar</goal>
						</goals>
					</execution>
				</executions>
			</plugin>
            <plugin>
    			<groupId>com.github.os72</groupId>
    			<artifactId>protoc-jar-maven-plugin</artifactId>
    			<version>3.0.0-a3</version>
    			<executions>
        			<execution>
            			<phase>generate-sources</phase>
			            <goals>
			                <goal>run</goal>
			            </goals>
			            <configuration>
			                <protocVersion>2.6.1</protocVersion> <!-- 2.4.1, 2.5.0, 2.6.1, 3.0.0 -->
			                <includeDirectories>
			                    <include>${basedir}/protobuf</include>
			                </includeDirectories>
			                <inputDirectories>
			                    <include>${basedir}/protobuf</include>
			                </inputDirectories>
			            </configuration>
			        </execution>
			    </executions>
			</plugin>
    </plugins>
    <resources>
        <resource>
            <directory>${basedir}/</directory>
            <filtering>false</filtering>
            <includes>
            <include>protobuf/*.proto</include>
            </includes>
        </resource>
    </resources>
  </build>
  <repositories>
    <repository>
      <id>qm.eu</id>
      <name>qm.eu</name>
      <url>https://projects.sse.uni-hildesheim.de/qm/maven/</url>
    </repository>
  </repositories>

<dependencyManagement>
    <dependencies>
        <dependency>
            <groupId>eu.qualimaster</groupId>
            <artifactId>InfrastructureDependencies</artifactId>
            <version>0.2.0-SNAPSHOT</version>
            <type>pom</type>
            <scope>import</scope>
    </dependency>        
        <dependency>
            <groupId>eu.qualimaster</groupId>
            <artifactId>PipelineDependencies</artifactId>
            <version>0.2.0-SNAPSHOT</version>
            <type>pom</type>
            <scope>import</scope>
        </dependency>            
    </dependencies>
</dependencyManagement>
  <dependencies>
   <dependency>
     <groupId>org.apache.storm</groupId>
     <artifactId>storm-core</artifactId>
   </dependency>
   <dependency>
     <groupId>com.esotericsoftware.kryo</groupId>
     <artifactId>kryo</artifactId>
   </dependency>
    <dependency>
    <groupId>com.google.protobuf</groupId>
    <artifactId>protobuf-java</artifactId>
    <version>2.6.1</version>
</dependency>
   <dependency>
     <groupId>eu.qualimaster</groupId>
     <artifactId>StormCommons</artifactId>
   </dependency>
   <dependency>
     <groupId>eu.qualimaster</groupId>
     <artifactId>QualiMaster.Events</artifactId>
   </dependency>
   <dependency>
     <groupId>eu.qualimaster</groupId>
     <artifactId>DataManagementLayer</artifactId>
   </dependency>
    <dependency>
        <groupId>eu.qualimaster.families</groupId>
        <artifactId>Datatypes</artifactId>
        <version>0.0.1-SNAPSHOT</version>
    </dependency>
    <dependency>
        <groupId>org.twitter4j</groupId>
        <artifactId>twitter4j-stream</artifactId>
        <version>4.0.1</version>
    </dependency>
  </dependencies>
</project>
