<project name="pipelines" default="deploy" basedir=".">

    <property file="${user.home}/global-build.properties"/>
    <property file="${user.home}/qualimaster-build.properties"/>
    <include file="${user.home}/macros.xml"/>

    <!--
    <taskdef uri="antlib:org.jacoco.ant" resource="org/jacoco/ant/antlib.xml"/>

    <path id="easyTaskDef.lib">
      <fileset dir="${home.base.dir}/${projects.standalone.dir}/build/generatedLibs.ex/dist">
        <include name="*.jar"/>
      </fileset>
    </path>
    -->
    <target name="deploy">
      <mvnDeploy folderName="eu/qualimaster/PriorityPip" pomFile="pipelines/eu/qualimaster/PriorityPip/pom.xml" 
        jarFolder="pipelines/eu/qualimaster/PriorityPip/target" jarFile= "PriorityPip-0.2.0-SNAPSHOT-jar-with-dependencies.jar"/>
      <mvnDeploy folderName="eu/qualimaster/RandomPip" pomFile="pipelines/eu/qualimaster/RandomPip/pom.xml" 
        jarFolder="pipelines/eu/qualimaster/RandomPip/target" jarFile= "RandomPip-0.0.2-SNAPSHOT-jar-with-dependencies.jar"/>
      <mvnDeploy folderName="eu/qualimaster/SwitchPip" pomFile="pipelines/eu/qualimaster/SwitchPip/pom.xml" 
        jarFolder="pipelines/eu/qualimaster/SwitchPip/target" jarFile= "SwitchPip-0.0.2-SNAPSHOT-jar-with-dependencies.jar"/>
      <mvnDeploy folderName="eu/qualimaster/FocusPip" pomFile="pipelines/eu/qualimaster/FocusPip/pom.xml" 
        jarFolder="pipelines/eu/qualimaster/FocusPip/target" jarFile= "FocusPip-0.0.1-SNAPSHOT-jar-with-dependencies.jar"/>
      <mvnDeploy folderName="eu/qualimaster/DynamicGraphPip" pomFile="pipelines/eu/qualimaster/DynamicGraphPip/pom.xml" 
        jarFolder="pipelines/eu/qualimaster/DynamicGraphPip/target" jarFile= "DynamicGraphPip-0.0.1-SNAPSHOT-jar-with-dependencies.jar"/>
      <mvnDeploy folderName="if-gen" pomFile="if-gen/pom.xml" 
        jarFolder="if-gen/target" jarFile= "PriorityPipelineInterfaces-0.2.0-SNAPSHOT.jar"/>
      <mvnDeploy folderName="model-gen" pomFile="model-gen/pom.xml" jarFolder="model-gen/target" jarFile="infrastructureModel-0.2.0-SNAPSHOT.jar" />
    </target>
</project>
