<mapping>
  <pipeline name="FocusPip" class="eu.qualimaster.FocusPip.topology.Topology">
      <node name="TwitterDataSource" type="source">
          <component name="PipelineVar_7_Source0" container="FocusPip" class="eu.qualimaster.FocusPip.topology.PipelineVar_7_Source0Source" receiver="true" thrift="false" tasks="1"/>
      </node>
      <node name="SpamDetection" type="family">
          <component name="PipelineVar_7_FamilyElement0" container="FocusPip" class="eu.qualimaster.FocusPip.topology.PipelineVar_7_FamilyElement0FamilyElement" receiver="true" thrift="false" tasks="1" alternative0 = "SpamDetection"/>
      </node>
      <node name="Spam Removal" type="family">
          <component name="PipelineVar_7_FamilyElement1" container="FocusPip" class="eu.qualimaster.FocusPip.topology.PipelineVar_7_FamilyElement1FamilyElement" receiver="true" thrift="false" tasks="1" alternative0 = "SpamRemoval"/>
      </node>
      <node name="StockParser" type="family">
          <component name="PipelineVar_7_FamilyElement2" container="FocusPip" class="eu.qualimaster.FocusPip.topology.PipelineVar_7_FamilyElement2FamilyElement" receiver="true" thrift="false" tasks="1" alternative0 = "StockParser  "/>
      </node>
      <node name="EventDetection" type="family">
          <component name="PipelineVar_7_FamilyElement3" container="FocusPip" class="eu.qualimaster.FocusPip.topology.PipelineVar_7_FamilyElement3FamilyElement" receiver="true" thrift="false" tasks="1" alternative0 = "EventDetectionHardThreshold"/>
      </node>
      <node name="KeywordAnalyzer" type="family">
          <component name="PipelineVar_7_FamilyElement4" container="FocusPip" class="eu.qualimaster.FocusPip.topology.PipelineVar_7_FamilyElement4FamilyElement" receiver="true" thrift="false" tasks="1" alternative0 = "KeywordAnalyzer"/>
      </node>
      <node name="Recommendations" type="family">
          <component name="PipelineVar_7_FamilyElement5" container="FocusPip" class="eu.qualimaster.FocusPip.topology.PipelineVar_7_FamilyElement5FamilyElement" receiver="true" thrift="false" tasks="1" alternative0 = "Recommendations"/>
      </node>
      <node name="FocusSink" type="sink">
          <component name="PipelineVar_7_Sink0" container="FocusPip" class="eu.qualimaster.FocusPip.topology.PipelineVar_7_Sink0Sink" receiver="true" thrift="false" tasks="1"/>
      </node>
      <node name="SpringDataSource" type="source">
          <component name="PipelineVar_7_Source1" container="FocusPip" class="eu.qualimaster.FocusPip.topology.PipelineVar_7_Source1Source" receiver="true" thrift="false" tasks="1"/>
      </node>
      <node name="preprocessor" type="family">
          <component name="PipelineVar_7_FamilyElement6" container="FocusPip" class="eu.qualimaster.FocusPip.topology.PipelineVar_7_FamilyElement6FamilyElement" receiver="true" thrift="false" tasks="1" alternative0 = "Preprocessor"/>
      </node>
      <node name="correlation" type="family">
          <component name="PipelineVar_7_FamilyElement7" container="FocusPip" class="eu.qualimaster.FocusPip.topology.PipelineVar_7_FamilyElement7FamilyElement" receiver="true" thrift="false" tasks="1" alternative0 = "TopoSoftwareCorrelationFinancial" alternative1 = "GenTopoHardwareCorrelationFinancial" alternative2 = "CorrelationSW" alternative3 = "TransferEntropyHardware" alternative4 = "MutualInformationHardware" alternative5 = "CorrelationSWAlternative"/>
      </node>
      <node name="DynamicGraphCompilation" type="family">
          <component name="PipelineVar_7_FamilyElement8" container="FocusPip" class="eu.qualimaster.FocusPip.topology.PipelineVar_7_FamilyElement8FamilyElement" receiver="true" thrift="false" tasks="1" alternative0 = "DynamicGraphCompilation"/>
      </node>
      <algorithm name="SpamDetection" implName="SpamDetectionBolt" class="eu.qualimaster.algorithms.stream.spam.SpamDetectionBolt"/>
      <algorithm name="SpamRemoval" implName="SpamRemovalBolt" class="eu.qualimaster.algorithms.stream.spam.SpamRemovalBolt"/>
      <algorithm name="StockParser  " implName="StockParserAlgorithm" class="eu.qualimaster.algorithms.stockParser.family.impl.StockParserAlgorithm"/>
      <algorithm name="EventDetectionHardThreshold" implName="EventDetectionHardThresholdAlgorithm" class="eu.qualimaster.algorithms.stream.eventdetection.family.impl.EventDetectionHardThresholdAlgorithm"/>
      <algorithm name="KeywordAnalyzer" implName="BasicKeywordAnalyzerAlgorithm" class="eu.qualimaster.algorithms.keywordAnalyzer.correlation.BasicKeywordAnalyzerAlgorithm"/>
      <algorithm name="Recommendations" implName="RecommendationsAlgorithm" class="eu.qualimaster.algorithms.recommendations.family.impl.RecommendationsAlgorithm"/>
      <algorithm name="Preprocessor" implName="Preprocessor" class="eu.qualimaster.algorithms.imp.correlation.Preprocessor"/>
      <algorithm name="TopoSoftwareCorrelationFinancial" implName="TopoSoftwareCorrelationFinancial" class="eu.qualimaster.algorithms.imp.correlation.softwaresubtopology.TopoSoftwareCorrelationFinancial"/>
      <algorithm name="GenTopoHardwareCorrelationFinancial" implName="GenTopoHardwareCorrelationFinancialSubTopology" class="eu.qualimaster.algorithms.GenTopoHardwareCorrelationFinancial.GenTopoHardwareCorrelationFinancialSubTopology">
          <component name="GenTopoHardwareCorrelationFinancialHardwareConnectionBolt" container="GenTopoHardwareCorrelationFinancial" class="eu.qualimaster.algorithms.GenTopoHardwareCorrelationFinancial.HardwareConnectionBolt" receiver="true" thrift="false" tasks="1" type="HARDWARE"/>
          <component name="GenTopoHardwareCorrelationFinancialHardwareConnectionSpout" container="GenTopoHardwareCorrelationFinancial" class="eu.qualimaster.algorithms.GenTopoHardwareCorrelationFinancial.HardwareConnectionSpout" receiver="true" thrift="false" tasks="12" type="HARDWARE"/>
      </algorithm>
      <algorithm name="CorrelationSW" implName="CorrelationSWSubTopology" class="eu.qualimaster.CorrelationSW.topology.CorrelationSWSubTopology">
              <component name="CorrelationSWMapper" container="FocusPip" class="eu.qualimaster.CorrelationSW.topology.SubTopology_FamilyElement0FamilyElement" receiver="true" thrift="false" tasks="1" alternative0 = "Mapper"/>
              <component name="CorrelationSWHayashiYoshida" container="FocusPip" class="eu.qualimaster.CorrelationSW.topology.SubTopology_FamilyElement1FamilyElement" receiver="true" thrift="false" tasks="14" alternative0 = "HayashiYoshida"/>
      </algorithm>
      <algorithm name="TransferEntropyHardware" implName="TransferEntropyHardwareSubTopology" class="eu.qualimaster.algorithms.TransferEntropyHardware.TransferEntropyHardwareSubTopology">
          <component name="TransferEntropyHardwareHardwareConnectionBolt" container="TransferEntropyHardware" class="eu.qualimaster.algorithms.TransferEntropyHardware.HardwareConnectionBolt" receiver="true" thrift="false" tasks="1" type="HARDWARE"/>
          <component name="TransferEntropyHardwareHardwareConnectionSpout" container="TransferEntropyHardware" class="eu.qualimaster.algorithms.TransferEntropyHardware.HardwareConnectionSpout" receiver="true" thrift="false" tasks="1" type="HARDWARE"/>
      </algorithm>
      <algorithm name="MutualInformationHardware" implName="MutualInformationHardwareSubTopology" class="eu.qualimaster.algorithms.MutualInformationHardware.MutualInformationHardwareSubTopology">
          <component name="MutualInformationHardwareHardwareConnectionBolt" container="MutualInformationHardware" class="eu.qualimaster.algorithms.MutualInformationHardware.HardwareConnectionBolt" receiver="true" thrift="false" tasks="1" type="HARDWARE"/>
          <component name="MutualInformationHardwareHardwareConnectionSpout" container="MutualInformationHardware" class="eu.qualimaster.algorithms.MutualInformationHardware.HardwareConnectionSpout" receiver="true" thrift="false" tasks="1" type="HARDWARE"/>
      </algorithm>
      <algorithm name="CorrelationSWAlternative" implName="CorrelationSWAlternativeSubTopology" class="eu.qualimaster.CorrelationSWAlternative.topology.CorrelationSWAlternativeSubTopology">
              <component name="CorrelationSWAlternativeMP" container="FocusPip" class="eu.qualimaster.CorrelationSWAlternative.topology.SubPipelineVar_19_FamilyElement0FamilyElement" receiver="true" thrift="false" tasks="1" alternative0 = "Mapper"/>
              <component name="CorrelationSWAlternativeHY" container="FocusPip" class="eu.qualimaster.CorrelationSWAlternative.topology.SubPipelineVar_19_FamilyElement1FamilyElement" receiver="true" thrift="false" tasks="14" alternative0 = "HayashiYoshida"/>
      </algorithm>
      <algorithm name="DynamicGraphCompilation" implName="DynamicGraphCompilation" class="eu.qualimaster.dynamicgraph.DynamicGraphCompilation"/>
      <algorithm name="Twitter Stream Data" implName="TwitterFileStreaming" class="eu.qualimaster.data.stream.source.TwitterFileStreaming"/>
      <algorithm name="FocusFincancialData" implName="FocusedSpringClient" class="eu.qualimaster.focus.FocusedSpringClient"/>
      <algorithm name="FocusSink" implName="FocusSinkAlgorithm" class="eu.qualimaster.focus.FocusSinkAlgorithm"/>
      <parameter parameter="consumerKey" name="TwitterDataSource" receiver="PipelineVar_7_Source0"/> 
      <parameter parameter="consumerSecret" name="TwitterDataSource" receiver="PipelineVar_7_Source0"/> 
      <parameter parameter="accessToken" name="TwitterDataSource" receiver="PipelineVar_7_Source0"/> 
      <parameter parameter="accessTokenSecret" name="TwitterDataSource" receiver="PipelineVar_7_Source0"/> 
      <parameter parameter="queueSize" name="TwitterDataSource" receiver="PipelineVar_7_Source0"/> 
      <parameter parameter="tweetDirectory" name="TwitterDataSource" receiver="PipelineVar_7_Source0"/> 
      <parameter parameter="speedFactor" name="TwitterDataSource" receiver="PipelineVar_7_Source0"/> 
      <parameter parameter="runLocally" name="TwitterDataSource" receiver="PipelineVar_7_Source0"/> 
      <parameter parameter="adjustTimeToNow" name="TwitterDataSource" receiver="PipelineVar_7_Source0"/> 
      <parameter parameter="realLoops" name="TwitterDataSource" receiver="PipelineVar_7_Source0"/> 
      <parameter parameter="setAdditionalKeywords" name="TwitterDataSource" receiver="PipelineVar_7_Source0"/> 
      <parameter parameter="spamThreshold" name="Spam Removal" receiver="PipelineVar_7_FamilyElement1"/> 
      <parameter parameter="hardThreshold" name="EventDetection" receiver="PipelineVar_7_FamilyElement3"/> 
      <parameter parameter="percentageThreshold" name="EventDetection" receiver="PipelineVar_7_FamilyElement3"/> 
      <parameter parameter="lengthOfTimeWindow" name="EventDetection" receiver="PipelineVar_7_FamilyElement3"/> 
      <parameter parameter="frequenceOfCheckForEvent" name="EventDetection" receiver="PipelineVar_7_FamilyElement3"/> 
      <parameter parameter="threshold" name="KeywordAnalyzer" receiver="PipelineVar_7_FamilyElement4"/> 
      <parameter parameter="decay" name="KeywordAnalyzer" receiver="PipelineVar_7_FamilyElement4"/> 
      <parameter parameter="impactThreshold" name="Recommendations" receiver="PipelineVar_7_FamilyElement5"/> 
      <parameter parameter="stockCooccurrenceThreshold" name="Recommendations" receiver="PipelineVar_7_FamilyElement5"/> 
      <parameter parameter="playerList" name="SpringDataSource" receiver="PipelineVar_7_Source1"/> 
      <parameter parameter="windowSize" name="correlation" receiver="PipelineVar_7_FamilyElement7"/> 
      <parameter parameter="correlationThreshold" name="DynamicGraphCompilation" receiver="PipelineVar_7_FamilyElement8"/> 
      <parameter parameter="windowSize" name="Mapper" receiver="CorrelationSWMapper"/> 
      <parameter parameter="windowSize" name="MP" receiver="CorrelationSWAlternativeMP"/> 
  </pipeline>

</mapping>
