aIntValue;5
aPosIntValue;3
color;4
disabled;0
enabled;1
