<project xmlns="http://maven.apache.org/POM/4.0.0" xmlns:xsi="http://www.w3.org/2001/XMLSchema-instance" xsi:schemaLocation="http://maven.apache.org/POM/4.0.0 http://maven.apache.org/xsd/maven-4.0.0.xsd">
  <modelVersion>4.0.0</modelVersion>
  <groupId>eu.qualimaster</groupId>
  <artifactId>PriorityPip</artifactId>
  <version>0.0.2-SNAPSHOT</version>
  <packaging>jar</packaging>

  <properties>
    <project.build.sourceEncoding>UTF-8</project.build.sourceEncoding>
  </properties>
  <repositories>
    <repository>
      <id>qm.eu</id>
      <name>qm.eu</name>
      <url>https://projects.sse.uni-hildesheim.de/qm/maven/</url>
    </repository>
  </repositories>
  <build>
    <sourceDirectory>${basedir}/topology</sourceDirectory>
        <plugins>
            <plugin>
          <groupId>org.apache.maven.plugins</groupId>
          <artifactId>maven-shade-plugin</artifactId>
          <version>2.3</version>
          <executions>
            <execution>
            <phase>package</phase>
            <goals>
                <goal>shade</goal>
            </goals>
            <configuration>
            <finalName>${project.artifactId}-${project.version}-jar-with-dependencies</finalName>
            <filters>
                <filter>
                    <artifact>eu.qualimaster:CorrelationSW</artifact>
                    <excludes>
                      <exclude>mapping.xml</exclude>
                    </excludes>
                </filter>
                <filter>
                    <artifact>eu.qualimaster:RandomSubPipeline1</artifact>
                    <excludes>
                      <exclude>mapping.xml</exclude>
                    </excludes>
                </filter>
                <filter>
                    <artifact>eu.qualimaster:RandomSubPipeline2</artifact>
                    <excludes>
                      <exclude>mapping.xml</exclude>
                    </excludes>
                </filter>
                <filter>
                    <artifact>eu.qualimaster:CorrelationSWAlternative</artifact>
                    <excludes>
                      <exclude>mapping.xml</exclude>
                    </excludes>
                </filter>
            </filters>
            </configuration>
              </execution>
          </executions>
        </plugin>
            <plugin>
				<artifactId>maven-install-plugin</artifactId>
				<version>2.3.1</version>
				<configuration>
					<createChecksum>true</createChecksum>
				</configuration>
			</plugin>
            <plugin>
                <groupId>org.apache.maven.plugins</groupId>
                <artifactId>maven-compiler-plugin</artifactId>
                <version>3.0</version>
                <configuration>
                    <source>1.7</source>
                    <target>1.7</target>
                </configuration>              
            </plugin>
            <plugin>
                <groupId>org.apache.maven.plugins</groupId>
                <artifactId>maven-jar-plugin</artifactId>
                <version>2.4</version>
                <configuration>
                    <useDefaultManifestFile>true</useDefaultManifestFile>
					<archive>
						<manifest>
							<addClasspath>true</addClasspath>
							<mainClass>TestFramework</mainClass>
						</manifest>
					</archive>
                </configuration>
            </plugin>
            <plugin>
                <groupId>org.apache.maven.plugins</groupId>
                <artifactId>maven-source-plugin</artifactId>
                <version>2.2.1</version>
                <executions>
                    <execution>
                        <id>attach-sources</id>
                        <phase>verify</phase>
                        <goals>
                            <goal>jar</goal>
                        </goals>
                    </execution>
                </executions>
            </plugin>
            <plugin>
		        <groupId>org.codehaus.mojo</groupId>
		        <artifactId>exec-maven-plugin</artifactId>
		        <version>1.3</version>
		        <executions>
		          <execution>
		            <goals>
		              <goal>exec</goal>
		            </goals>
		          </execution>
		        </executions>
		        <configuration>
		          <executable>java</executable>
		          <includeProjectDependencies>true</includeProjectDependencies>
		          <includePluginDependencies>false</includePluginDependencies>
		          <classpathScope>compile</classpathScope>
		          <mainClass>${storm.topology}</mainClass>
		        </configuration>
		    </plugin>
            <plugin>
					<groupId>org.eclipse.m2e</groupId>
					<artifactId>lifecycle-mapping</artifactId>
					<version>1.0.0</version>
					<configuration>
						<lifecycleMappingMetadata>
							<pluginExecutions>
								<pluginExecution>
									<pluginExecutionFilter>
										<groupId>org.apache.maven.plugins</groupId>
										<artifactId>maven-dependency-plugin</artifactId>
										<versionRange>[2.0,)</versionRange>
										<goals>
											<goal>copy-dependencies</goal>
										</goals>
									</pluginExecutionFilter>
									<action>
										<execute />
									</action>
								</pluginExecution>
							</pluginExecutions>
						</lifecycleMappingMetadata>
					</configuration>
				</plugin>
        </plugins>
    <resources>
        <resource>
            <directory>${basedir}/</directory>
            <filtering>false</filtering>
            <includes>
            <include>mapping.xml</include>
			<include>settings.xml</include>
            </includes>
        </resource>
    </resources>
  </build>


<dependencyManagement>
    <dependencies>
        <dependency>
            <groupId>eu.qualimaster</groupId>
            <artifactId>InfrastructureDependencies</artifactId>
            <version>0.5.0-SNAPSHOT</version>
            <type>pom</type>
            <scope>import</scope>
        </dependency>
        <dependency>
            <groupId>eu.qualimaster</groupId>
            <artifactId>PipelineDependencies</artifactId>
            <version>0.5.0-SNAPSHOT</version>
            <type>pom</type>
            <scope>import</scope>
        </dependency>            
    </dependencies>
</dependencyManagement>
  <dependencies>
   <dependency>
     <groupId>eu.qualimaster</groupId>
     <artifactId>StormCommons</artifactId>
   </dependency>
   <dependency>
     <groupId>eu.qualimaster</groupId>
     <artifactId>DataManagementLayer</artifactId>
   </dependency>
   <dependency>
     <groupId>eu.qualimaster</groupId>
     <artifactId>QualiMaster.Events</artifactId>
   </dependency>
    <dependency>
  <groupId>eu.qualimaster</groupId>
  <artifactId>PriorityPipelineInterfaces</artifactId>
  <version>0.5.0-SNAPSHOT</version>
    </dependency>
    <dependency>      
      <groupId>org.apache.storm</groupId>
      <artifactId>storm-core</artifactId>
    </dependency>
   <dependency>
     <groupId>com.github.ptgoetz</groupId>
     <artifactId>storm-hdfs</artifactId>
	 <scope>compile</scope>
   </dependency>
   <dependency>
     <groupId>org.apache.hadoop</groupId>
     <artifactId>hadoop-client</artifactId>
	 <scope>compile</scope>
   </dependency>
   <dependency>
     <groupId>org.apache.hadoop</groupId>
     <artifactId>hadoop-hdfs</artifactId>
	 <scope>compile</scope>
   </dependency>
   <dependency>
     <groupId>org.apache.hadoop</groupId>
     <artifactId>hadoop-common</artifactId>
	 <scope>compile</scope>
   </dependency>
   <dependency>
     <groupId>org.apache.hbase</groupId>
     <artifactId>hbase-common</artifactId>
	 <scope>compile</scope>
   </dependency>
   <dependency>
     <groupId>org.apache.hbase</groupId>
     <artifactId>hbase-protocol</artifactId>
	 <scope>compile</scope>
   </dependency>
   <dependency>
     <groupId>org.apache.hbase</groupId>
     <artifactId>hbase-client</artifactId>
	 <scope>compile</scope>
   </dependency>
    <dependency>
      <groupId>eu.qualimaster</groupId>
      <artifactId>spring-client</artifactId>
      <version>3.1-SNAPSHOT</version>
    </dependency>
    <dependency>
      <groupId>eu.qualimaster</groupId>
      <artifactId>hy-correlation-financial-software</artifactId>
      <version>3.2-SNAPSHOT</version>
    </dependency>
    <dependency>
      <groupId>eu.qualimaster</groupId>
      <artifactId>GenTopoHardwareCorrelationFinancial</artifactId>
      <version>0.0.1-SNAPSHOT</version>
    </dependency>
    <dependency>
      <groupId>eu.qualimaster</groupId>
      <artifactId>CorrelationSW</artifactId>
      <version>0.0.1-SNAPSHOT</version>
    </dependency>
    <dependency>
      <groupId>eu.qualimaster</groupId>
      <artifactId>TransferEntropyHardware</artifactId>
      <version>0.0.1-SNAPSHOT</version>
    </dependency>
    <dependency>
      <groupId>eu.qualimaster</groupId>
      <artifactId>MutualInformationHardware</artifactId>
      <version>0.0.1-SNAPSHOT</version>
    </dependency>
    <dependency>
      <groupId>eu.qualimaster</groupId>
      <artifactId>CorrelationSWAlternative</artifactId>
      <version>0.0.1-SNAPSHOT</version>
    </dependency>
    <dependency>
      <groupId>eu.qualimaster</groupId>
      <artifactId>hy-priority-data-sink</artifactId>
      <version>3.1-SNAPSHOT</version>
    </dependency>
    <dependency>
      <groupId>eu.qualimaster</groupId>
      <artifactId>hy-preprocessor</artifactId>
      <version>3.1-SNAPSHOT</version>
    </dependency>
    <dependency>
      <groupId>eu.qualimaster</groupId>
      <artifactId>TwitterStreamDataSource</artifactId>
      <version>0.0.5-SNAPSHOT</version>
    </dependency>
    <dependency>
      <groupId>eu.qualimaster</groupId>
      <artifactId>SentiWordnetSubTopology</artifactId>
      <version>0.0.5-SNAPSHOT</version>
    </dependency>
    <dependency>
      <groupId>eu.qualimaster</groupId>
      <artifactId>SVMSubTopology</artifactId>
      <version>0.0.5-SNAPSHOT</version>
    </dependency>
  </dependencies>
</project>
